# @generated
# To regenerate, run:
# ```
# STARLARK_RUST_REGENERATE_GOLDEN_TESTS=1 cargo test -p starlark --lib
# ```

Program:
def test(**kwargs, y=1): pass

Error: error: Default parameter after args array or kwargs dictionary
 --> test.star:1:20
  |
1 | def test(**kwargs, y=1): pass
  |                    ^^^
  |
