# @generated
# To regenerate, run:
# ```
# STARLARK_RUST_REGENERATE_BC_TESTS=1 cargo test -p starlark --lib tests
# ```

def test(x):
  for i in x:
    if i: break
    noop(i)

# Bytecode:

Max stack size: 1
Instructions:
   0: ForLoop &x &i 104
     16: IfNotBr &i 40
     32: Break
  >  40: CallFrozenNativePos noop &1..&2 instrs.star.bzl:4:5-12 &2
     96: Continue
  >104: ReturnConst None
   120: End
